Archive member included to satisfy reference by file (symbol)

c:/program files/microchip/xc8/v2.20/avr/bin/../lib/gcc/avr/5.4.0/avr5/memx-const\libgcc.a(_exit.o)
                              C:/Program Files (x86)/Microchip/MPLABX/v5.40/packs/Microchip/ATmega_DFP/2.2.108/xc8/avr/lib/avr5/memx-const/crtatmega328pb.o (exit)
c:/program files/microchip/xc8/v2.20/avr/bin/../lib/gcc/avr/5.4.0/avr5/memx-const\libgcc.a(_copy_data.o)
                              build/default/production/newmain.o (__do_copy_data)

Discarded input sections

 .data          0x0000000000000000        0x0 C:/Program Files (x86)/Microchip/MPLABX/v5.40/packs/Microchip/ATmega_DFP/2.2.108/xc8/avr/lib/avr5/memx-const/crtatmega328pb.o
 .bss           0x0000000000000000        0x0 C:/Program Files (x86)/Microchip/MPLABX/v5.40/packs/Microchip/ATmega_DFP/2.2.108/xc8/avr/lib/avr5/memx-const/crtatmega328pb.o
 .text          0x0000000000000000        0x0 build/default/production/newmain.o
 .data          0x0000000000000000        0x0 build/default/production/newmain.o
 .bss           0x0000000000000000        0x0 build/default/production/newmain.o
 .text          0x0000000000000000        0x0 c:/program files/microchip/xc8/v2.20/avr/bin/../lib/gcc/avr/5.4.0/avr5/memx-const\libgcc.a(_exit.o)
 .data          0x0000000000000000        0x0 c:/program files/microchip/xc8/v2.20/avr/bin/../lib/gcc/avr/5.4.0/avr5/memx-const\libgcc.a(_exit.o)
 .bss           0x0000000000000000        0x0 c:/program files/microchip/xc8/v2.20/avr/bin/../lib/gcc/avr/5.4.0/avr5/memx-const\libgcc.a(_exit.o)
 .text.libgcc.mul
                0x0000000000000000        0x0 c:/program files/microchip/xc8/v2.20/avr/bin/../lib/gcc/avr/5.4.0/avr5/memx-const\libgcc.a(_exit.o)
 .text.libgcc.div
                0x0000000000000000        0x0 c:/program files/microchip/xc8/v2.20/avr/bin/../lib/gcc/avr/5.4.0/avr5/memx-const\libgcc.a(_exit.o)
 .text.libgcc   0x0000000000000000        0x0 c:/program files/microchip/xc8/v2.20/avr/bin/../lib/gcc/avr/5.4.0/avr5/memx-const\libgcc.a(_exit.o)
 .text.libgcc.prologue
                0x0000000000000000        0x0 c:/program files/microchip/xc8/v2.20/avr/bin/../lib/gcc/avr/5.4.0/avr5/memx-const\libgcc.a(_exit.o)
 .text.libgcc.builtins
                0x0000000000000000        0x0 c:/program files/microchip/xc8/v2.20/avr/bin/../lib/gcc/avr/5.4.0/avr5/memx-const\libgcc.a(_exit.o)
 .text.libgcc.fmul
                0x0000000000000000        0x0 c:/program files/microchip/xc8/v2.20/avr/bin/../lib/gcc/avr/5.4.0/avr5/memx-const\libgcc.a(_exit.o)
 .text.libgcc.fixed
                0x0000000000000000        0x0 c:/program files/microchip/xc8/v2.20/avr/bin/../lib/gcc/avr/5.4.0/avr5/memx-const\libgcc.a(_exit.o)
 .text          0x0000000000000000        0x0 c:/program files/microchip/xc8/v2.20/avr/bin/../lib/gcc/avr/5.4.0/avr5/memx-const\libgcc.a(_copy_data.o)
 .data          0x0000000000000000        0x0 c:/program files/microchip/xc8/v2.20/avr/bin/../lib/gcc/avr/5.4.0/avr5/memx-const\libgcc.a(_copy_data.o)
 .bss           0x0000000000000000        0x0 c:/program files/microchip/xc8/v2.20/avr/bin/../lib/gcc/avr/5.4.0/avr5/memx-const\libgcc.a(_copy_data.o)
 .text.libgcc.mul
                0x0000000000000000        0x0 c:/program files/microchip/xc8/v2.20/avr/bin/../lib/gcc/avr/5.4.0/avr5/memx-const\libgcc.a(_copy_data.o)
 .text.libgcc.div
                0x0000000000000000        0x0 c:/program files/microchip/xc8/v2.20/avr/bin/../lib/gcc/avr/5.4.0/avr5/memx-const\libgcc.a(_copy_data.o)
 .text.libgcc   0x0000000000000000        0x0 c:/program files/microchip/xc8/v2.20/avr/bin/../lib/gcc/avr/5.4.0/avr5/memx-const\libgcc.a(_copy_data.o)
 .text.libgcc.prologue
                0x0000000000000000        0x0 c:/program files/microchip/xc8/v2.20/avr/bin/../lib/gcc/avr/5.4.0/avr5/memx-const\libgcc.a(_copy_data.o)
 .text.libgcc.builtins
                0x0000000000000000        0x0 c:/program files/microchip/xc8/v2.20/avr/bin/../lib/gcc/avr/5.4.0/avr5/memx-const\libgcc.a(_copy_data.o)
 .text.libgcc.fmul
                0x0000000000000000        0x0 c:/program files/microchip/xc8/v2.20/avr/bin/../lib/gcc/avr/5.4.0/avr5/memx-const\libgcc.a(_copy_data.o)
 .text.libgcc.fixed
                0x0000000000000000        0x0 c:/program files/microchip/xc8/v2.20/avr/bin/../lib/gcc/avr/5.4.0/avr5/memx-const\libgcc.a(_copy_data.o)

Memory Configuration

Name             Origin             Length             Attributes
text             0x0000000000000000 0x0000000000008000 xr
data             0x0000000000800100 0x0000000000000800 rw !x
eeprom           0x0000000000810000 0x0000000000000400 rw !x
fuse             0x0000000000820000 0x0000000000000003 rw !x
lock             0x0000000000830000 0x0000000000000400 rw !x
signature        0x0000000000840000 0x0000000000000400 rw !x
user_signatures  0x0000000000850000 0x0000000000000400 rw !x
*default*        0x0000000000000000 0xffffffffffffffff

Linker script and memory map

Address of section .data set to 0x800100
LOAD C:/Program Files (x86)/Microchip/MPLABX/v5.40/packs/Microchip/ATmega_DFP/2.2.108/xc8/avr/lib/avr5/memx-const/crtatmega328pb.o
                0x0000000000000001                __MPLAB_BUILD = 0x1
LOAD build/default/production/newmain.o
START GROUP
LOAD c:/program files/microchip/xc8/v2.20/avr/bin/../lib/gcc/avr/5.4.0/../../../../avr/lib/avr5/memx-const\libm.a
END GROUP
START GROUP
LOAD c:/program files/microchip/xc8/v2.20/avr/bin/../lib/gcc/avr/5.4.0/avr5/memx-const\libgcc.a
LOAD c:/program files/microchip/xc8/v2.20/avr/bin/../lib/gcc/avr/5.4.0/../../../../avr/lib/avr5/memx-const\libm.a
LOAD c:/program files/microchip/xc8/v2.20/avr/bin/../lib/gcc/avr/5.4.0/../../../../avr/lib/avr5/memx-const\libc.a
LOAD C:/Program Files (x86)/Microchip/MPLABX/v5.40/packs/Microchip/ATmega_DFP/2.2.108/xc8/avr/lib/avr5/memx-const\libatmega328pb.a
END GROUP
                [0x0000000000000000]                __TEXT_REGION_ORIGIN__ = DEFINED (__TEXT_REGION_ORIGIN__)?__TEXT_REGION_ORIGIN__:0x0
                [0x0000000000800100]                __DATA_REGION_ORIGIN__ = DEFINED (__DATA_REGION_ORIGIN__)?__DATA_REGION_ORIGIN__:0x800060
                [0x0000000000008000]                __TEXT_REGION_LENGTH__ = DEFINED (__TEXT_REGION_LENGTH__)?__TEXT_REGION_LENGTH__:0x20000
                [0x0000000000000800]                __DATA_REGION_LENGTH__ = DEFINED (__DATA_REGION_LENGTH__)?__DATA_REGION_LENGTH__:0xffa0
                [0x0000000000000400]                __EEPROM_REGION_LENGTH__ = DEFINED (__EEPROM_REGION_LENGTH__)?__EEPROM_REGION_LENGTH__:0x10000
                [0x0000000000000003]                __FUSE_REGION_LENGTH__ = DEFINED (__FUSE_REGION_LENGTH__)?__FUSE_REGION_LENGTH__:0x400
                0x0000000000000400                __LOCK_REGION_LENGTH__ = DEFINED (__LOCK_REGION_LENGTH__)?__LOCK_REGION_LENGTH__:0x400
                0x0000000000000400                __SIGNATURE_REGION_LENGTH__ = DEFINED (__SIGNATURE_REGION_LENGTH__)?__SIGNATURE_REGION_LENGTH__:0x400
                0x0000000000000400                __USER_SIGNATURE_REGION_LENGTH__ = DEFINED (__USER_SIGNATURE_REGION_LENGTH__)?__USER_SIGNATURE_REGION_LENGTH__:0x400

.hash
 *(.hash)

.dynsym
 *(.dynsym)

.dynstr
 *(.dynstr)

.gnu.version
 *(.gnu.version)

.gnu.version_d
 *(.gnu.version_d)

.gnu.version_r
 *(.gnu.version_r)

.rel.init
 *(.rel.init)

.rela.init
 *(.rela.init)

.rel.text
 *(.rel.text)
 *(.rel.text.*)
 *(.rel.gnu.linkonce.t*)

.rela.text
 *(.rela.text)
 *(.rela.text.*)
 *(.rela.gnu.linkonce.t*)

.rel.fini
 *(.rel.fini)

.rela.fini
 *(.rela.fini)

.rel.rodata
 *(.rel.rodata)
 *(.rel.rodata.*)
 *(.rel.gnu.linkonce.r*)

.rela.rodata
 *(.rela.rodata)
 *(.rela.rodata.*)
 *(.rela.gnu.linkonce.r*)

.rel.data
 *(.rel.data)
 *(.rel.data.*)
 *(.rel.gnu.linkonce.d*)

.rela.data
 *(.rela.data)
 *(.rela.data.*)
 *(.rela.gnu.linkonce.d*)

.rel.ctors
 *(.rel.ctors)

.rela.ctors
 *(.rela.ctors)

.rel.dtors
 *(.rel.dtors)

.rela.dtors
 *(.rela.dtors)

.rel.got
 *(.rel.got)

.rela.got
 *(.rela.got)

.rel.bss
 *(.rel.bss)

.rela.bss
 *(.rela.bss)

.rel.plt
 *(.rel.plt)

.rela.plt
 *(.rela.plt)

.text           0x0000000000000000      0x120
 *(.vectors)
 .vectors       0x0000000000000000       0xb4 C:/Program Files (x86)/Microchip/MPLABX/v5.40/packs/Microchip/ATmega_DFP/2.2.108/xc8/avr/lib/avr5/memx-const/crtatmega328pb.o
                0x0000000000000000                __vector_default
                0x0000000000000000                __vectors
 *(.vectors)
 *(.progmem.gcc*)
 *(.dinit)
 .dinit         0x00000000000000b4       0x18 data_init
                0x00000000000000cc                . = ALIGN (0x2)
                0x00000000000000cc                __trampolines_start = .
 *(.trampolines)
 .trampolines   0x00000000000000cc        0x0 linker stubs
 *(.trampolines*)
                0x00000000000000cc                __trampolines_end = .
 *libprintf_flt.a:*(.progmem.data)
 *libc.a:*(.progmem.data)
                0x00000000000000cc                . = ALIGN (0x2)
 *(.jumptables)
 *(.jumptables*)
 *(.lowtext)
 *(.lowtext*)
                0x00000000000000cc                __ctors_start = .
 *(.ctors)
                0x00000000000000cc                __ctors_end = .
                0x00000000000000cc                __dtors_start = .
 *(.dtors)
                0x00000000000000cc                __dtors_end = .
 SORT(*)(.ctors)
 SORT(*)(.dtors)
 *(.init0)
 .init0         0x00000000000000cc        0x0 C:/Program Files (x86)/Microchip/MPLABX/v5.40/packs/Microchip/ATmega_DFP/2.2.108/xc8/avr/lib/avr5/memx-const/crtatmega328pb.o
                0x00000000000000cc                __init
 *(.init0)
 *(.init1)
 *(.init1)
 *(.init2)
 .init2         0x00000000000000cc        0xc C:/Program Files (x86)/Microchip/MPLABX/v5.40/packs/Microchip/ATmega_DFP/2.2.108/xc8/avr/lib/avr5/memx-const/crtatmega328pb.o
 *(.init2)
 *(.init3)
 *(.init3)
 *(.init4)
 .init4         0x00000000000000d8       0x3c c:/program files/microchip/xc8/v2.20/avr/bin/../lib/gcc/avr/5.4.0/avr5/memx-const\libgcc.a(_copy_data.o)
                0x00000000000000d8                __do_copy_data
                0x0000000000000106                __do_clear_bss
 *(.init4)
 *(.init5)
 *(.init5)
 *(.init6)
 *(.init6)
 *(.init7)
 *(.init7)
 *(.init8)
 *(.init8)
 *(.init9)
 .init9         0x0000000000000114        0x8 C:/Program Files (x86)/Microchip/MPLABX/v5.40/packs/Microchip/ATmega_DFP/2.2.108/xc8/avr/lib/avr5/memx-const/crtatmega328pb.o
 *(.init9)
                0x000000000000011c                . = ALIGN (0x2)
 *(.fini9)
 .fini9         0x000000000000011c        0x0 c:/program files/microchip/xc8/v2.20/avr/bin/../lib/gcc/avr/5.4.0/avr5/memx-const\libgcc.a(_exit.o)
                0x000000000000011c                _exit
                0x000000000000011c                exit
 *(.fini9)
 *(.fini8)
 *(.fini8)
 *(.fini7)
 *(.fini7)
 *(.fini6)
 *(.fini6)
 *(.fini5)
 *(.fini5)
 *(.fini4)
 *(.fini4)
 *(.fini3)
 *(.fini3)
 *(.fini2)
 *(.fini2)
 *(.fini1)
 *(.fini1)
 *(.fini0)
 .fini0         0x000000000000011c        0x4 c:/program files/microchip/xc8/v2.20/avr/bin/../lib/gcc/avr/5.4.0/avr5/memx-const\libgcc.a(_exit.o)
 *(.fini0)
                0x0000000000000120                _etext = .

.data           0x0000000000800100        0x0 load address 0x0000000000000120
                [!provide]                        PROVIDE (__data_start, .)
 *(.gnu.linkonce.d*)
 *(.gnu.linkonce.r*)
                0x0000000000800100                . = ALIGN (0x2)
                0x0000000000800100                _edata = .
                [!provide]                        PROVIDE (__data_end, .)

.bss            0x0000000000800100        0x0
                [!provide]                        PROVIDE (__bss_start, .)
 *(COMMON)
                [!provide]                        PROVIDE (__bss_end, .)
                0x0000000000000120                __data_load_start = LOADADDR (.data)
                0x0000000000000120                __data_load_end = (__data_load_start + SIZEOF (.data))

.noinit         0x0000000000800100        0x0
                [!provide]                        PROVIDE (__noinit_start, .)
 *(.noinit*)
                [!provide]                        PROVIDE (__noinit_end, .)
                0x0000000000800100                _end = .

.eeprom         0x0000000000810000        0x0
 *(.eeprom*)
                0x0000000000810000                __eeprom_end = .

.fuse
 *(.fuse)
 *(.lfuse)
 *(.hfuse)
 *(.efuse)

.lock
 *(.lock*)

.signature
 *(.signature*)

.user_signatures
 *(.user_signatures*)

.stab
 *(.stab)

.stabstr
 *(.stabstr)

.stab.excl
 *(.stab.excl)

.stab.exclstr
 *(.stab.exclstr)

.stab.index
 *(.stab.index)

.stab.indexstr
 *(.stab.indexstr)

.comment        0x0000000000000000       0x2f
 *(.comment)
 .comment       0x0000000000000000       0x2f build/default/production/newmain.o
                                         0x30 (size before relaxing)

.note.gnu.build-id
 *(.note.gnu.build-id)

.debug
 *(.debug)

.line
 *(.line)

.debug_srcinfo
 *(.debug_srcinfo)

.debug_sfnames
 *(.debug_sfnames)

.debug_aranges  0x0000000000000000       0xc8
 *(.debug_aranges)
 .debug_aranges
                0x0000000000000000       0xc8 build/default/production/newmain.o

.debug_pubnames
 *(.debug_pubnames)

.debug_info     0x0000000000000000     0x1a14
 *(.debug_info .gnu.linkonce.wi.*)
 .debug_info    0x0000000000000000      0x8ea C:/Program Files (x86)/Microchip/MPLABX/v5.40/packs/Microchip/ATmega_DFP/2.2.108/xc8/avr/lib/avr5/memx-const/crtatmega328pb.o
 .debug_info    0x00000000000008ea     0x112a build/default/production/newmain.o

.debug_abbrev   0x0000000000000000      0xb03
 *(.debug_abbrev)
 .debug_abbrev  0x0000000000000000      0x86e C:/Program Files (x86)/Microchip/MPLABX/v5.40/packs/Microchip/ATmega_DFP/2.2.108/xc8/avr/lib/avr5/memx-const/crtatmega328pb.o
 .debug_abbrev  0x000000000000086e      0x295 build/default/production/newmain.o

.debug_line     0x0000000000000000      0x97e
 *(.debug_line .debug_line.* .debug_line_end)
 .debug_line    0x0000000000000000      0x1a9 C:/Program Files (x86)/Microchip/MPLABX/v5.40/packs/Microchip/ATmega_DFP/2.2.108/xc8/avr/lib/avr5/memx-const/crtatmega328pb.o
 .debug_line    0x00000000000001a9      0x7d5 build/default/production/newmain.o

.debug_frame    0x0000000000000000      0x264
 *(.debug_frame)
 .debug_frame   0x0000000000000000      0x264 build/default/production/newmain.o

.debug_str      0x0000000000000000      0x3ea
 *(.debug_str)
 .debug_str     0x0000000000000000      0x318 C:/Program Files (x86)/Microchip/MPLABX/v5.40/packs/Microchip/ATmega_DFP/2.2.108/xc8/avr/lib/avr5/memx-const/crtatmega328pb.o
 .debug_str     0x0000000000000318       0xd2 build/default/production/newmain.o

.debug_loc      0x0000000000000000      0x596
 *(.debug_loc)
 .debug_loc     0x0000000000000000      0x596 build/default/production/newmain.o

.debug_macinfo
 *(.debug_macinfo)

.debug_weaknames
 *(.debug_weaknames)

.debug_funcnames
 *(.debug_funcnames)

.debug_typenames
 *(.debug_typenames)

.debug_varnames
 *(.debug_varnames)

.debug_pubtypes
 *(.debug_pubtypes)

.debug_ranges   0x0000000000000000      0x128
 *(.debug_ranges)
 .debug_ranges  0x0000000000000000      0x128 build/default/production/newmain.o

.debug_macro
 *(.debug_macro)
OUTPUT(dist/default/production/Final_Project.X.production.elf elf32-avr)
LOAD linker stubs
LOAD data_init

.note.gnu.avr.deviceinfo
                0x0000000000000000       0x40
 .note.gnu.avr.deviceinfo
                0x0000000000000000       0x40 C:/Program Files (x86)/Microchip/MPLABX/v5.40/packs/Microchip/ATmega_DFP/2.2.108/xc8/avr/lib/avr5/memx-const/crtatmega328pb.o

.bss.rightPlayerScore
                0x0000000000800142        0x2
 .bss.rightPlayerScore
                0x0000000000800142        0x2 build/default/production/newmain.o
                0x0000000000800142                rightPlayerScore

.bss.leftPlayerScore
                0x0000000000800144        0x2
 .bss.leftPlayerScore
                0x0000000000800144        0x2 build/default/production/newmain.o
                0x0000000000800144                leftPlayerScore

.bss.PLAYER_CLICKED
                0x0000000000800146        0x2
 .bss.PLAYER_CLICKED
                0x0000000000800146        0x2 build/default/production/newmain.o
                0x0000000000800146                PLAYER_CLICKED

.bss.stopGameLEDloop
                0x0000000000800148        0x2
 .bss.stopGameLEDloop
                0x0000000000800148        0x2 build/default/production/newmain.o
                0x0000000000800148                stopGameLEDloop

.bss.delayEnabled
                0x000000000080014a        0x2
 .bss.delayEnabled
                0x000000000080014a        0x2 build/default/production/newmain.o
                0x000000000080014a                delayEnabled

.bss.global_time
                0x000000000080014c        0x2
 .bss.global_time
                0x000000000080014c        0x2 build/default/production/newmain.o
                0x000000000080014c                global_time

.bss.gameEnabled
                0x000000000080014e        0x2
 .bss.gameEnabled
                0x000000000080014e        0x2 build/default/production/newmain.o
                0x000000000080014e                gameEnabled

.bss.prevCtrlCnt
                0x0000000000800152        0x2
 .bss.prevCtrlCnt
                0x0000000000800152        0x2 build/default/production/newmain.o
                0x0000000000800152                prevCtrlCnt

.bss.ctrlHoldCounter
                0x0000000000800154        0x2
 .bss.ctrlHoldCounter
                0x0000000000800154        0x2 build/default/production/newmain.o
                0x0000000000800154                ctrlHoldCounter

.bss.CTRL_NEEDS_ATTN
                0x0000000000800156        0x2
 .bss.CTRL_NEEDS_ATTN
                0x0000000000800156        0x2 build/default/production/newmain.o
                0x0000000000800156                CTRL_NEEDS_ATTN

.bss.PLAYER_NEEDS_ATTN
                0x0000000000800158        0x2
 .bss.PLAYER_NEEDS_ATTN
                0x0000000000800158        0x2 build/default/production/newmain.o
                0x0000000000800158                PLAYER_NEEDS_ATTN

.bss.CTRL_BTTN_CLICK_PERIOD
                0x000000000080015a        0x2
 .bss.CTRL_BTTN_CLICK_PERIOD
                0x000000000080015a        0x2 build/default/production/newmain.o
                0x000000000080015a                CTRL_BTTN_CLICK_PERIOD

.bss.CTRL_BTTN_CLICKED
                0x000000000080015c        0x2
 .bss.CTRL_BTTN_CLICKED
                0x000000000080015c        0x2 build/default/production/newmain.o
                0x000000000080015c                CTRL_BTTN_CLICKED

.text.__vector_14
                0x0000000000000120      0x186
 .text.__vector_14
                0x0000000000000120      0x186 build/default/production/newmain.o
                0x0000000000000120                __vector_14

.text.mainMenu  0x00000000000002a6       0xb2
 .text.mainMenu
                0x00000000000002a6       0xb2 build/default/production/newmain.o
                0x00000000000002a6                mainMenu

.text.runGame   0x0000000000000358       0xa8
 .text.runGame  0x0000000000000358       0xa8 build/default/production/newmain.o
                0x0000000000000358                runGame

.text.delay     0x0000000000000400       0xa2
 .text.delay    0x0000000000000400       0xa2 build/default/production/newmain.o
                0x0000000000000400                delay

.text.displayPlayerScore
                0x00000000000004a2       0x9e
 .text.displayPlayerScore
                0x00000000000004a2       0x9e build/default/production/newmain.o
                0x00000000000004a2                displayPlayerScore

.text.handleCtrlBttn
                0x0000000000000540       0x8e
 .text.handleCtrlBttn
                0x0000000000000540       0x8e build/default/production/newmain.o
                0x0000000000000540                handleCtrlBttn

.text.offLED    0x00000000000005ce       0x6e
 .text.offLED   0x00000000000005ce       0x6e build/default/production/newmain.o
                0x00000000000005ce                offLED

.text.displayDifficulty
                0x000000000000063c       0x6c
 .text.displayDifficulty
                0x000000000000063c       0x6c build/default/production/newmain.o
                0x000000000000063c                displayDifficulty

.text.onLED     0x00000000000006a8       0x66
 .text.onLED    0x00000000000006a8       0x66 build/default/production/newmain.o
                0x00000000000006a8                onLED

.text.verifyLeftScored
                0x000000000000070e       0x5a
 .text.verifyLeftScored
                0x000000000000070e       0x5a build/default/production/newmain.o
                0x000000000000070e                verifyLeftScored

.text.verifyRightScored
                0x0000000000000768       0x5a
 .text.verifyRightScored
                0x0000000000000768       0x5a build/default/production/newmain.o
                0x0000000000000768                verifyRightScored

.text.playerWins
                0x00000000000007c2       0x58
 .text.playerWins
                0x00000000000007c2       0x58 build/default/production/newmain.o
                0x00000000000007c2                playerWins

.text.handlePlayerInput
                0x000000000000081a       0x58
 .text.handlePlayerInput
                0x000000000000081a       0x58 build/default/production/newmain.o
                0x000000000000081a                handlePlayerInput

.text.restartGame
                0x0000000000000872       0x50
 .text.restartGame
                0x0000000000000872       0x50 build/default/production/newmain.o
                0x0000000000000872                restartGame

.text.isLEDon   0x00000000000008c2       0x32
 .text.isLEDon  0x00000000000008c2       0x32 build/default/production/newmain.o
                0x00000000000008c2                isLEDon

.text.endGame   0x00000000000008f4       0x30
 .text.endGame  0x00000000000008f4       0x30 build/default/production/newmain.o
                0x00000000000008f4                endGame

.text.setupGame
                0x0000000000000924       0x1e
 .text.setupGame
                0x0000000000000924       0x1e build/default/production/newmain.o
                0x0000000000000924                setupGame

.text.main      0x0000000000000942       0x1c
 .text.main     0x0000000000000942       0x1c build/default/production/newmain.o
                0x0000000000000942                main

.text.IOinitiate
                0x000000000000095e       0x14
 .text.IOinitiate
                0x000000000000095e       0x14 build/default/production/newmain.o
                0x000000000000095e                IOinitiate

.text.leftBttnIsOn
                0x0000000000000972        0xa
 .text.leftBttnIsOn
                0x0000000000000972        0xa build/default/production/newmain.o
                0x0000000000000972                leftBttnIsOn

.text.rightBttnIsOn
                0x000000000000097c        0xa
 .text.rightBttnIsOn
                0x000000000000097c        0xa build/default/production/newmain.o
                0x000000000000097c                rightBttnIsOn

.text.ctrlBttnIsOn
                0x0000000000000986        0xa
 .text.ctrlBttnIsOn
                0x0000000000000986        0xa build/default/production/newmain.o
                0x0000000000000986                ctrlBttnIsOn

.text           0x0000000000000990        0x4
 .text          0x0000000000000990        0x4 C:/Program Files (x86)/Microchip/MPLABX/v5.40/packs/Microchip/ATmega_DFP/2.2.108/xc8/avr/lib/avr5/memx-const/crtatmega328pb.o
                0x0000000000000990                __vector_38
                0x0000000000000990                __vector_22
                0x0000000000000990                __vector_28
                0x0000000000000990                __vector_1
                0x0000000000000990                __vector_32
                0x0000000000000990                __vector_34
                0x0000000000000990                __vector_24
                0x0000000000000990                __vector_12
                0x0000000000000990                __bad_interrupt
                0x0000000000000990                __vector_6
                0x0000000000000990                __vector_31
                0x0000000000000990                __vector_35
                0x0000000000000990                __vector_39
                0x0000000000000990                __vector_3
                0x0000000000000990                __vector_23
                0x0000000000000990                __vector_30
                0x0000000000000990                __vector_25
                0x0000000000000990                __vector_11
                0x0000000000000990                __vector_13
                0x0000000000000990                __vector_17
                0x0000000000000990                __vector_19
                0x0000000000000990                __vector_7
                0x0000000000000990                __vector_41
                0x0000000000000990                __vector_43
                0x0000000000000990                __vector_27
                0x0000000000000990                __vector_5
                0x0000000000000990                __vector_33
                0x0000000000000990                __vector_37
                0x0000000000000990                __vector_4
                0x0000000000000990                __vector_44
                0x0000000000000990                __vector_9
                0x0000000000000990                __vector_2
                0x0000000000000990                __vector_21
                0x0000000000000990                __vector_15
                0x0000000000000990                __vector_36
                0x0000000000000990                __vector_29
                0x0000000000000990                __vector_40
                0x0000000000000990                __vector_8
                0x0000000000000990                __vector_26
                0x0000000000000990                __vector_10
                0x0000000000000990                __vector_16
                0x0000000000000990                __vector_18
                0x0000000000000990                __vector_20
                0x0000000000000990                __vector_42

.data.LED_BITS  0x0000000000800100       0x14 load address 0x0000000000000994
 .data.LED_BITS
                0x0000000000800100       0x14 build/default/production/newmain.o

.rodata.LED_DDRS
                0x0000000000800114       0x14 load address 0x00000000000009a8
 .rodata.LED_DDRS
                0x0000000000800114       0x14 build/default/production/newmain.o

.rodata.LED_PORTS
                0x0000000000800128       0x14 load address 0x00000000000009bc
 .rodata.LED_PORTS
                0x0000000000800128       0x14 build/default/production/newmain.o

.data.difficultyDelays
                0x000000000080013c        0x6 load address 0x00000000000009d0
 .data.difficultyDelays
                0x000000000080013c        0x6 build/default/production/newmain.o

.data.difficulty
                0x0000000000800150        0x2 load address 0x00000000000009d6
 .data.difficulty
                0x0000000000800150        0x2 build/default/production/newmain.o
                0x0000000000800150                difficulty
